test_action_string_injection_stays_a_literal_argument (test_assistantbench_bridge.BridgeTests.test_action_string_injection_stays_a_literal_argument) ... ok
test_arbitrary_python_uploads_and_unknown_arguments_are_rejected (test_assistantbench_bridge.BridgeTests.test_arbitrary_python_uploads_and_unknown_arguments_are_rejected) ... ok
test_claimed_directory_cannot_be_reused_and_attempts_are_independent (test_assistantbench_bridge.BridgeTests.test_claimed_directory_cannot_be_reused_and_attempts_are_independent) ... ok
test_close_preserves_private_browser_snapshot_and_restoration_hash (test_assistantbench_bridge.BridgeTests.test_close_preserves_private_browser_snapshot_and_restoration_hash) ... ok
test_concurrent_calls_are_serialized_without_losing_actions (test_assistantbench_bridge.BridgeTests.test_concurrent_calls_are_serialized_without_losing_actions) ... ok
test_mcp_errors_never_expose_exception_details_or_host_paths (test_assistantbench_bridge.BridgeTests.test_mcp_errors_never_expose_exception_details_or_host_paths) ... ok
test_mcp_handshake_tool_listing_and_calls_are_standard_json_rpc (test_assistantbench_bridge.BridgeTests.test_mcp_handshake_tool_listing_and_calls_are_standard_json_rpc) ... ok
test_native_submission_is_sealed_once_and_not_regraded (test_assistantbench_bridge.BridgeTests.test_native_submission_is_sealed_once_and_not_regraded) ... ok
test_no_task_work_cap_is_exposed_in_tool_schema (test_assistantbench_bridge.BridgeTests.test_no_task_work_cap_is_exposed_in_tool_schema) ... ok
test_observation_has_only_public_ax_tabs_and_image (test_assistantbench_bridge.BridgeTests.test_observation_has_only_public_ax_tabs_and_image) ... ok
test_restore_rejects_tampered_state_and_different_task (test_assistantbench_bridge.BridgeTests.test_restore_rejects_tampered_state_and_different_task) ... ok
test_step_reward_and_info_never_enter_tool_response (test_assistantbench_bridge.BridgeTests.test_step_reward_and_info_never_enter_tool_response) ... ok
test_submission_must_come_from_expected_native_callback (test_assistantbench_bridge.BridgeTests.test_submission_must_come_from_expected_native_callback) ... ok
test_tools_match_native_assistantbench_subset_and_click_options (test_assistantbench_bridge.BridgeTests.test_tools_match_native_assistantbench_subset_and_click_options) ... ok
test_canary_requires_actual_browser_change_and_verified_transport_response (test_assistantbench_bridge.SyntheticCanaryTests.test_canary_requires_actual_browser_change_and_verified_transport_response) ... FAIL
test_prepare_refuses_attempt_reuse_and_manifest_tampering (test_assistantbench_bridge.SyntheticCanaryTests.test_prepare_refuses_attempt_reuse_and_manifest_tampering) ... ok
test_prepare_uses_fixed_synthetic_input_and_never_stores_auth (test_assistantbench_bridge.SyntheticCanaryTests.test_prepare_uses_fixed_synthetic_input_and_never_stores_auth) ... ok

======================================================================
FAIL: test_canary_requires_actual_browser_change_and_verified_transport_response (test_assistantbench_bridge.SyntheticCanaryTests.test_canary_requires_actual_browser_change_and_verified_transport_response)
----------------------------------------------------------------------
Traceback (most recent call last):
  File "/private/tmp/agenttime-assistantbench-linux-20261009/test_assistantbench_bridge.py", line 300, in test_canary_requires_actual_browser_change_and_verified_transport_response
    self.assertIn('transport_response_mismatch', issues)
    ~~~~~~~~~~~~~^^^^^^^^^^^^^^^^^^^^^^^^^^^^^^^^^^^^^^^
AssertionError: 'transport_response_mismatch' not found in []

----------------------------------------------------------------------
Ran 17 tests in 0.147s

FAILED (failures=1)
