test_action_string_injection_stays_a_literal_argument (test_assistantbench_bridge.BridgeTests.test_action_string_injection_stays_a_literal_argument) ... ok
test_arbitrary_python_uploads_and_unknown_arguments_are_rejected (test_assistantbench_bridge.BridgeTests.test_arbitrary_python_uploads_and_unknown_arguments_are_rejected) ... ok
test_claimed_directory_cannot_be_reused_and_attempts_are_independent (test_assistantbench_bridge.BridgeTests.test_claimed_directory_cannot_be_reused_and_attempts_are_independent) ... ok
test_close_preserves_private_browser_snapshot_and_restoration_hash (test_assistantbench_bridge.BridgeTests.test_close_preserves_private_browser_snapshot_and_restoration_hash) ... ok
test_concurrent_calls_are_serialized_without_losing_actions (test_assistantbench_bridge.BridgeTests.test_concurrent_calls_are_serialized_without_losing_actions) ... ok
test_mcp_errors_never_expose_exception_details_or_host_paths (test_assistantbench_bridge.BridgeTests.test_mcp_errors_never_expose_exception_details_or_host_paths) ... ok
test_mcp_handshake_tool_listing_and_calls_are_standard_json_rpc (test_assistantbench_bridge.BridgeTests.test_mcp_handshake_tool_listing_and_calls_are_standard_json_rpc) ... ok
test_native_submission_is_sealed_once_and_not_regraded (test_assistantbench_bridge.BridgeTests.test_native_submission_is_sealed_once_and_not_regraded) ... ok
test_no_task_work_cap_is_exposed_in_tool_schema (test_assistantbench_bridge.BridgeTests.test_no_task_work_cap_is_exposed_in_tool_schema) ... ok
test_observation_has_only_public_ax_tabs_and_image (test_assistantbench_bridge.BridgeTests.test_observation_has_only_public_ax_tabs_and_image) ... ok
test_restore_rejects_tampered_state_and_different_task (test_assistantbench_bridge.BridgeTests.test_restore_rejects_tampered_state_and_different_task) ... ok
test_step_reward_and_info_never_enter_tool_response (test_assistantbench_bridge.BridgeTests.test_step_reward_and_info_never_enter_tool_response) ... ok
test_submission_must_come_from_expected_native_callback (test_assistantbench_bridge.BridgeTests.test_submission_must_come_from_expected_native_callback) ... ok
test_tools_match_native_assistantbench_subset_and_click_options (test_assistantbench_bridge.BridgeTests.test_tools_match_native_assistantbench_subset_and_click_options) ... ok
test_canary_requires_actual_browser_change_and_verified_transport_response (test_assistantbench_bridge.SyntheticCanaryTests.test_canary_requires_actual_browser_change_and_verified_transport_response) ... ok
test_canary_retains_validated_input_bytes_before_delivery (test_assistantbench_bridge.SyntheticCanaryTests.test_canary_retains_validated_input_bytes_before_delivery) ... ok
test_empty_optional_otel_response_uses_only_matching_complete_native_stream (test_assistantbench_bridge.SyntheticCanaryTests.test_empty_optional_otel_response_uses_only_matching_complete_native_stream) ... ok
test_prepare_refuses_attempt_reuse_and_manifest_tampering (test_assistantbench_bridge.SyntheticCanaryTests.test_prepare_refuses_attempt_reuse_and_manifest_tampering) ... ok
test_prepare_uses_fixed_synthetic_input_and_never_stores_auth (test_assistantbench_bridge.SyntheticCanaryTests.test_prepare_uses_fixed_synthetic_input_and_never_stores_auth) ... ok
setUpClass (test_automationbench.AdapterTests) ... skipped 'Optional pinned Python3.13 benchmark runtime required'
test_cold_and_warm_source_have_same_pin_and_corrupt_cache_fails (test_automationbench.SourcePinTests.test_cold_and_warm_source_have_same_pin_and_corrupt_cache_fails) ... skipped 'Optional pinned source fixture required'
test_config_parses_in_pinned_harbor (test_automationbench_harbor.HarborMaterializationTests.test_config_parses_in_pinned_harbor) ... ok
test_public_only_package_and_exact_harness_routes (test_automationbench_harbor.HarborMaterializationTests.test_public_only_package_and_exact_harness_routes) ... ok
setUpClass (test_automationbench_transport.TransportTests) ... skipped 'Optional pinned Python3.13 benchmark runtime required'
test_demo_retains_report_and_manifest_and_refuses_overwriting (test_demo.DemoTests.test_demo_retains_report_and_manifest_and_refuses_overwriting) ... ok
test_circular_values_are_rejected (test_evidence.CanonicalJsonTests.test_circular_values_are_rejected) ... ok
test_json_encoding_is_order_independent_compact_utf8 (test_evidence.CanonicalJsonTests.test_json_encoding_is_order_independent_compact_utf8) ... ok
test_non_json_keys_and_values_cannot_be_silently_coerced (test_evidence.CanonicalJsonTests.test_non_json_keys_and_values_cannot_be_silently_coerced) ... ok
test_nonfinite_numbers_are_not_json_evidence (test_evidence.CanonicalJsonTests.test_nonfinite_numbers_are_not_json_evidence) ... ok
test_binary_and_empty_evidence_round_trip (test_evidence.EvidenceStoreTests.test_binary_and_empty_evidence_round_trip) ... ok
test_concurrent_puts_publish_complete_objects_without_overwriting (test_evidence.EvidenceStoreTests.test_concurrent_puts_publish_complete_objects_without_overwriting) ... ok
test_corruption_is_reported_by_get (test_evidence.EvidenceStoreTests.test_corruption_is_reported_by_get) ... ok
test_duplicate_put_does_not_return_before_syncing_publication (test_evidence.EvidenceStoreTests.test_duplicate_put_does_not_return_before_syncing_publication) ... ok
test_invalid_digest_cannot_escape_store (test_evidence.EvidenceStoreTests.test_invalid_digest_cannot_escape_store) ... ok
test_missing_object_stays_missing (test_evidence.EvidenceStoreTests.test_missing_object_stays_missing) ... ok
test_nonregular_object_is_an_integrity_error (test_evidence.EvidenceStoreTests.test_nonregular_object_is_an_integrity_error) ... ok
test_object_symlinks_are_rejected_on_reads_and_puts (test_evidence.EvidenceStoreTests.test_object_symlinks_are_rejected_on_reads_and_puts) ... ok
test_put_never_repairs_corruption_by_overwriting_it (test_evidence.EvidenceStoreTests.test_put_never_repairs_corruption_by_overwriting_it) ... ok
test_put_requires_bytes_instead_of_implicit_encoding (test_evidence.EvidenceStoreTests.test_put_requires_bytes_instead_of_implicit_encoding) ... ok
test_put_returns_content_digest_and_get_returns_exact_bytes (test_evidence.EvidenceStoreTests.test_put_returns_content_digest_and_get_returns_exact_bytes) ... ok
test_repeated_put_verifies_and_preserves_existing_object (test_evidence.EvidenceStoreTests.test_repeated_put_verifies_and_preserves_existing_object) ... ok
test_replaced_root_cannot_redirect_an_existing_store (test_evidence.EvidenceStoreTests.test_replaced_root_cannot_redirect_an_existing_store) ... ok
test_symlink_root_is_rejected (test_evidence.EvidenceStoreTests.test_symlink_root_is_rejected) ... ok
test_actual_capture_exception_preserves_native_timing_without_replay (test_fixture.FixtureTests.test_actual_capture_exception_preserves_native_timing_without_replay) ... ok
test_actual_grade_exception_preserves_artifact_and_native_timing (test_fixture.FixtureTests.test_actual_grade_exception_preserves_artifact_and_native_timing) ... ok
test_ambiguous_dispatch_is_never_replayed (test_fixture.FixtureTests.test_ambiguous_dispatch_is_never_replayed) ... ok
test_changed_effective_manifest_and_invalid_task_are_refused (test_fixture.FixtureTests.test_changed_effective_manifest_and_invalid_task_are_refused) ... ok
test_controller_restart_retains_one_subject_invocation (test_fixture.FixtureTests.test_controller_restart_retains_one_subject_invocation) ... ok
test_dead_worker_is_held_while_unaffected_task_finishes (test_fixture.FixtureTests.test_dead_worker_is_held_while_unaffected_task_finishes) ... ok
test_dispatch_exception_holds_one_claim_and_pauses_before_next (test_fixture.FixtureTests.test_dispatch_exception_holds_one_claim_and_pauses_before_next) ... ok
test_dispatch_preflight_failure_reserves_no_task (test_fixture.FixtureTests.test_dispatch_preflight_failure_reserves_no_task) ... ok
test_duplicate_worker_commands_cannot_invoke_again (test_fixture.FixtureTests.test_duplicate_worker_commands_cannot_invoke_again) ... ok
test_finished_attempt_with_live_worker_does_not_block_status (test_fixture.FixtureTests.test_finished_attempt_with_live_worker_does_not_block_status) ... ok
test_finished_owned_worker_handles_are_reaped (test_fixture.FixtureTests.test_finished_owned_worker_handles_are_reaped) ... ok
test_fresh_admission_recheck_continues_after_capacity_race (test_fixture.FixtureTests.test_fresh_admission_recheck_continues_after_capacity_race) ... ok
test_frozen_prompt_disagreement_cannot_claim_the_actual_fixture_prompt (test_fixture.FixtureTests.test_frozen_prompt_disagreement_cannot_claim_the_actual_fixture_prompt) ... ok
test_frozen_runtime_disagreement_pauses_shared_admission (test_fixture.FixtureTests.test_frozen_runtime_disagreement_pauses_shared_admission) ... ok
test_frozen_source_disagreement_pauses_shared_admission (test_fixture.FixtureTests.test_frozen_source_disagreement_pauses_shared_admission) ... ok
test_grade_loss_and_artifact_loss_preserve_timing_without_reruns (test_fixture.FixtureTests.test_grade_loss_and_artifact_loss_preserve_timing_without_reruns) ... ok
test_late_background_write_cannot_change_terminal_grade (test_fixture.FixtureTests.test_late_background_write_cannot_change_terminal_grade) ... ok
test_null_completion_receipt_pauses_instead_of_crashing (test_fixture.FixtureTests.test_null_completion_receipt_pauses_instead_of_crashing) ... ok
test_publication_failure_retains_closed_local_evidence_and_reservation (test_fixture.FixtureTests.test_publication_failure_retains_closed_local_evidence_and_reservation) ... ok
test_published_receipt_missing_journal_pauses (test_fixture.FixtureTests.test_published_receipt_missing_journal_pauses) ... ok
test_published_receipt_missing_report_pauses (test_fixture.FixtureTests.test_published_receipt_missing_report_pauses) ... ok
test_published_receipt_missing_submission_pauses (test_fixture.FixtureTests.test_published_receipt_missing_submission_pauses) ... ok
test_receipt_refreshes_owner_after_reserved_snapshot (test_fixture.FixtureTests.test_receipt_refreshes_owner_after_reserved_snapshot) ... ok
test_receipt_shapes_are_strict (test_fixture.FixtureTests.test_receipt_shapes_are_strict) ... ok
test_report_fields_are_bound_to_manifest_and_stage_events (test_fixture.FixtureTests.test_report_fields_are_bound_to_manifest_and_stage_events) ... ok
test_stage_history_cannot_be_omitted_reordered_or_forged (test_fixture.FixtureTests.test_stage_history_cannot_be_omitted_reordered_or_forged) ... ok
test_complete_binds_supplied_ids_terminal_bytes_and_monotonic_timing (test_harbor_boundary.HarborBoundaryNativeTests.test_complete_binds_supplied_ids_terminal_bytes_and_monotonic_timing) ... skipped 'requires explicit local Docker qualification'
test_crash_retains_only_release_and_no_natural_duration (test_harbor_boundary.HarborBoundaryNativeTests.test_crash_retains_only_release_and_no_natural_duration) ... skipped 'requires explicit local Docker qualification'
test_grader_failure_does_not_rerun_or_discard_native_timing (test_harbor_boundary.HarborBoundaryNativeTests.test_grader_failure_does_not_rerun_or_discard_native_timing) ... skipped 'requires explicit local Docker qualification'
test_native_duplicate_release_witness_keeps_stop_proof_but_fails_integrity (test_harbor_boundary.HarborBoundaryNativeTests.test_native_duplicate_release_witness_keeps_stop_proof_but_fails_integrity) ... skipped 'requires explicit local Docker qualification'
test_native_subject_identity_replacement_cannot_change_removal_authority (test_harbor_boundary.HarborBoundaryNativeTests.test_native_subject_identity_replacement_cannot_change_removal_authority) ... skipped 'requires explicit local Docker qualification'
test_wrong_answer_has_real_zero_without_losing_timing (test_harbor_boundary.HarborBoundaryNativeTests.test_wrong_answer_has_real_zero_without_losing_timing) ... skipped 'requires explicit local Docker qualification'
test_docker_unavailability_is_not_itself_an_evidence_contradiction (test_harbor_boundary.HarborBoundaryTests.test_docker_unavailability_is_not_itself_an_evidence_contradiction) ... ok
test_existing_owned_container_is_not_stop_proof (test_harbor_boundary.HarborBoundaryTests.test_existing_owned_container_is_not_stop_proof) ... ok
test_foreign_or_duplicate_release_events_are_integrity_failures (test_harbor_boundary.HarborBoundaryTests.test_foreign_or_duplicate_release_events_are_integrity_failures) ... ok
test_frozen_environment_overrides_context_and_restores_caller (test_harbor_boundary.HarborBoundaryTests.test_frozen_environment_overrides_context_and_restores_caller) ... ok
test_invalid_modes_or_delays_are_rejected_before_touching_docker (test_harbor_boundary.HarborBoundaryTests.test_invalid_modes_or_delays_are_rejected_before_touching_docker) ... ok
test_missing_container_on_changed_daemon_is_not_stop_proof (test_harbor_boundary.HarborBoundaryTests.test_missing_container_on_changed_daemon_is_not_stop_proof) ... ok
test_multiple_release_witness_is_an_integrity_failure_after_stop_proof (test_harbor_boundary.HarborBoundaryTests.test_multiple_release_witness_is_an_integrity_failure_after_stop_proof) ... ok
test_phase_evidence_preserves_harbor_timestamps_and_absent_phase (test_harbor_boundary.HarborBoundaryTests.test_phase_evidence_preserves_harbor_timestamps_and_absent_phase) ... ok
test_prefix_sharing_attempts_have_distinct_full_owner_trial_names (test_harbor_boundary.HarborBoundaryTests.test_prefix_sharing_attempts_have_distinct_full_owner_trial_names) ... ok
test_remote_docker_host_is_rejected_before_launch (test_harbor_boundary.HarborBoundaryTests.test_remote_docker_host_is_rejected_before_launch) ... ok
test_stop_proof_binds_exact_daemon_endpoint_and_container (test_harbor_boundary.HarborBoundaryTests.test_stop_proof_binds_exact_daemon_endpoint_and_container) ... ok
test_stop_proof_requires_full_owned_identity (test_harbor_boundary.HarborBoundaryTests.test_stop_proof_requires_full_owned_identity) ... ok
test_subject_identity_tampering_keeps_original_removal_proof_and_fails_integrity (test_harbor_boundary.HarborBoundaryTests.test_subject_identity_tampering_keeps_original_removal_proof_and_fails_integrity) ... ok
test_native_completion_preserves_timing_submission_and_reference_interval (test_harbor_native.HarborNativeTests.test_native_completion_preserves_timing_submission_and_reference_interval) ... skipped 'requires explicit local Docker qualification'
test_native_crash_is_not_retried_or_called_a_natural_finish (test_harbor_native.HarborNativeTests.test_native_crash_is_not_retried_or_called_a_natural_finish) ... skipped 'requires explicit local Docker qualification'
test_ambiguous_dispatch_holds_capacity_while_other_task_finishes (test_harbor_worker.DurableHarborTests.test_ambiguous_dispatch_holds_capacity_while_other_task_finishes) ... skipped 'opt-in real Docker qualification'
test_concurrent_cli_workers_consume_one_claim (test_harbor_worker.DurableHarborTests.test_concurrent_cli_workers_consume_one_claim) ... skipped 'opt-in real Docker qualification'
test_controller_restart_and_duplicate_worker_leave_one_native_release (test_harbor_worker.DurableHarborTests.test_controller_restart_and_duplicate_worker_leave_one_native_release) ... skipped 'opt-in real Docker qualification'
test_corrupt_archived_native_evidence_pauses_without_release (test_harbor_worker.DurableHarborTests.test_corrupt_archived_native_evidence_pauses_without_release) ... skipped 'opt-in real Docker qualification'
test_failed_archive_publication_preserves_local_timing_and_reservation (test_harbor_worker.DurableHarborTests.test_failed_archive_publication_preserves_local_timing_and_reservation) ... skipped 'opt-in real Docker qualification'
test_forged_native_facts_cannot_pass_reconciliation (test_harbor_worker.DurableHarborTests.test_forged_native_facts_cannot_pass_reconciliation) ... skipped 'opt-in real Docker qualification'
test_late_write_does_not_change_terminal_grade_or_native_interval (test_harbor_worker.DurableHarborTests.test_late_write_does_not_change_terminal_grade_or_native_interval) ... skipped 'opt-in real Docker qualification'
test_native_crash_is_accounted_for_without_inventing_runtime (test_harbor_worker.DurableHarborTests.test_native_crash_is_accounted_for_without_inventing_runtime) ... skipped 'opt-in real Docker qualification'
test_native_grader_failure_preserves_timing_and_never_replays (test_harbor_worker.DurableHarborTests.test_native_grader_failure_preserves_timing_and_never_replays) ... skipped 'opt-in real Docker qualification'
test_source_drift_after_execution_holds_completion (test_harbor_worker.DurableHarborTests.test_source_drift_after_execution_holds_completion) ... skipped 'opt-in real Docker qualification'
test_source_drift_during_setup_stops_before_native_prompt_release (test_harbor_worker.DurableHarborTests.test_source_drift_during_setup_stops_before_native_prompt_release) ... skipped 'opt-in real Docker qualification'
test_unavailable_removal_proof_keeps_capacity (test_harbor_worker.DurableHarborTests.test_unavailable_removal_proof_keeps_capacity) ... skipped 'opt-in real Docker qualification'
test_worker_death_after_release_is_held_and_other_work_continues (test_harbor_worker.DurableHarborTests.test_worker_death_after_release_is_held_and_other_work_continues) ... skipped 'opt-in real Docker qualification'
test_changed_source_is_rejected_before_any_native_invocation (test_harbor_worker.HarborLedgerTests.test_changed_source_is_rejected_before_any_native_invocation) ... ok
test_excessively_nested_committed_receipt_pauses_and_holds (test_harbor_worker.HarborLedgerTests.test_excessively_nested_committed_receipt_pauses_and_holds) ... ok
test_imported_boundary_drift_is_rejected_before_native_invocation (test_harbor_worker.HarborLedgerTests.test_imported_boundary_drift_is_rejected_before_native_invocation) ... ok
test_model_or_command_cannot_be_inserted_into_a_harbor_manifest (test_harbor_worker.HarborLedgerTests.test_model_or_command_cannot_be_inserted_into_a_harbor_manifest) ... ok
test_unreachable_docker_preflight_reserves_no_task (test_harbor_worker.HarborLedgerTests.test_unreachable_docker_preflight_reserves_no_task) ... ok
test_arbitrary_models_commands_paths_and_limits_are_rejected (test_harbor_worker.HarborManifestTests.test_arbitrary_models_commands_paths_and_limits_are_rejected) ... ok
test_loaded_worker_and_controller_must_match_current_sources (test_harbor_worker.HarborManifestTests.test_loaded_worker_and_controller_must_match_current_sources) ... ok
test_manifest_freezes_all_native_inputs_and_retains_exclusion (test_harbor_worker.HarborManifestTests.test_manifest_freezes_all_native_inputs_and_retains_exclusion) ... ok
test_duplicate_keys_and_nonfinite_numbers_are_rejected (test_jsonio.StrictConfigurationTests.test_duplicate_keys_and_nonfinite_numbers_are_rejected) ... ok
test_valid_unicode_json_is_preserved (test_jsonio.StrictConfigurationTests.test_valid_unicode_json_is_preserved) ... ok
test_corrupt_manifest_pauses_and_cannot_reserve_or_reopen (test_ledger.LedgerIntegrityTests.test_corrupt_manifest_pauses_and_cannot_reserve_or_reopen) ... ok
test_corrupted_active_campaign_cannot_hide_an_agent_overlap (test_ledger.LedgerIntegrityTests.test_corrupted_active_campaign_cannot_hide_an_agent_overlap) ... ok
test_denormalized_agent_identity_must_match_manifest (test_ledger.LedgerIntegrityTests.test_denormalized_agent_identity_must_match_manifest) ... ok
test_fresh_admission_check_changes_after_work_drains (test_ledger.LedgerIntegrityTests.test_fresh_admission_check_changes_after_work_drains) ... ok
test_capacity_reconfiguration_is_rejected_and_study_manifest_refused (test_ledger.LedgerTests.test_capacity_reconfiguration_is_rejected_and_study_manifest_refused) ... ok
test_competing_controllers_reserve_each_task_once (test_ledger.LedgerTests.test_competing_controllers_reserve_each_task_once) ... ok
test_duplicate_task_identity_cannot_create_extra_attempt (test_ledger.LedgerTests.test_duplicate_task_identity_cannot_create_extra_attempt) ... ok
test_manifest_cannot_change_on_restart (test_ledger.LedgerTests.test_manifest_cannot_change_on_restart) ... ok
test_one_agent_at_a_time_including_other_campaigns (test_ledger.LedgerTests.test_one_agent_at_a_time_including_other_campaigns) ... ok
test_only_original_owner_can_finish_and_release_capacity (test_ledger.LedgerTests.test_only_original_owner_can_finish_and_release_capacity) ... ok
test_shared_pause_persists_without_releasing_owned_work (test_ledger.LedgerTests.test_shared_pause_persists_without_releasing_owned_work) ... ok
test_unknown_and_quarantined_work_still_counts_against_capacity (test_ledger.LedgerTests.test_unknown_and_quarantined_work_still_counts_against_capacity) ... ok
test_worker_claim_is_consumed_once_even_for_same_owner (test_ledger.LedgerTests.test_worker_claim_is_consumed_once_even_for_same_owner) ... ok
test_all_required_fields_are_validated (test_measurement.MeasurementTests.test_all_required_fields_are_validated) ... ok
test_attempt_execution_and_clock_identity_must_each_be_uniform (test_measurement.MeasurementTests.test_attempt_execution_and_clock_identity_must_each_be_uniform) ... ok
test_audit_clock_skew_does_not_repair_or_change_monotonic_timing (test_measurement.MeasurementTests.test_audit_clock_skew_does_not_repair_or_change_monotonic_timing) ... ok
test_closure_must_declare_its_own_sequence_as_final (test_measurement.MeasurementTests.test_closure_must_declare_its_own_sequence_as_final) ... ok
test_complete_boundaries_without_closure_remain_pending (test_measurement.MeasurementTests.test_complete_boundaries_without_closure_remain_pending) ... ok
test_conflicting_event_id_is_not_an_idempotent_delivery (test_measurement.MeasurementTests.test_conflicting_event_id_is_not_an_idempotent_delivery) ... ok
test_conflicting_sequence_is_invalid (test_measurement.MeasurementTests.test_conflicting_sequence_is_invalid) ... ok
test_empty_journal_is_pending (test_measurement.MeasurementTests.test_empty_journal_is_pending) ... ok
test_equal_boundary_readings_are_a_valid_zero_interval (test_measurement.MeasurementTests.test_equal_boundary_readings_are_a_valid_zero_interval) ... ok
test_events_after_closure_are_invalid (test_measurement.MeasurementTests.test_events_after_closure_are_invalid) ... ok
test_json_boolean_and_number_payloads_are_not_exact_duplicates (test_measurement.MeasurementTests.test_json_boolean_and_number_payloads_are_not_exact_duplicates) ... ok
test_missing_boundaries_in_closed_history_are_invalid (test_measurement.MeasurementTests.test_missing_boundaries_in_closed_history_are_invalid) ... ok
test_monotonic_clock_cannot_move_backwards_in_source_order (test_measurement.MeasurementTests.test_monotonic_clock_cannot_move_backwards_in_source_order) ... ok
test_multiple_closing_records_are_invalid (test_measurement.MeasurementTests.test_multiple_closing_records_are_invalid) ... ok
test_multiple_native_terminals_are_invalid_even_when_payloads_match (test_measurement.MeasurementTests.test_multiple_native_terminals_are_invalid_even_when_payloads_match) ... ok
test_multiple_prompt_releases_are_invalid (test_measurement.MeasurementTests.test_multiple_prompt_releases_are_invalid) ... ok
test_only_native_boundaries_determine_runtime (test_measurement.MeasurementTests.test_only_native_boundaries_determine_runtime) ... ok
test_sparse_sequence_cannot_be_admitted (test_measurement.MeasurementTests.test_sparse_sequence_cannot_be_admitted) ... ok
test_submission_capture_validation_is_independent_of_timing (test_measurement.MeasurementTests.test_submission_capture_validation_is_independent_of_timing) ... ok
test_terminal_cannot_precede_prompt_in_source_order (test_measurement.MeasurementTests.test_terminal_cannot_precede_prompt_in_source_order) ... ok
test_terminal_delivered_first_stays_pending_until_earlier_records_arrive (test_measurement.MeasurementTests.test_terminal_delivered_first_stays_pending_until_earlier_records_arrive) ... ok
test_transport_order_and_exact_repeated_delivery_do_not_change_timing (test_measurement.MeasurementTests.test_transport_order_and_exact_repeated_delivery_do_not_change_timing) ... ok
test_unexpected_fields_and_non_events_are_rejected (test_measurement.MeasurementTests.test_unexpected_fields_and_non_events_are_rejected) ... ok
test_unrepresentable_runtime_is_unavailable_not_infinity (test_measurement.MeasurementTests.test_unrepresentable_runtime_is_unavailable_not_infinity) ... ok
test_copy_time_source_mutation_is_detected (test_native_restore.RestoreProbeTests.test_copy_time_source_mutation_is_detected) ... ok
test_destination_must_be_fresh_and_disjoint (test_native_restore.RestoreProbeTests.test_destination_must_be_fresh_and_disjoint) ... ok
test_extra_tools_and_missing_history_fail (test_native_restore.RestoreProbeTests.test_extra_tools_and_missing_history_fail) ... ok
test_fork_is_explicit_fresh_identity (test_native_restore.RestoreProbeTests.test_fork_is_explicit_fresh_identity) ... ok
test_fork_preserves_parent_native_transcript (test_native_restore.RestoreProbeTests.test_fork_preserves_parent_native_transcript) ... ok
test_frozen_hash_blocks_source_mutation (test_native_restore.RestoreProbeTests.test_frozen_hash_blocks_source_mutation) ... ok
test_historical_source_is_loaded_without_mutating_it (test_native_restore.RestoreProbeTests.test_historical_source_is_loaded_without_mutating_it) ... ok
test_inherited_context_and_identity_are_verified_from_native_evidence (test_native_restore.RestoreProbeTests.test_inherited_context_and_identity_are_verified_from_native_evidence) ... ok
test_mocked_continuation_preserves_source_and_never_replays (test_native_restore.RestoreProbeTests.test_mocked_continuation_preserves_source_and_never_replays) ... ok
test_mocked_fork_keeps_separate_qualification (test_native_restore.RestoreProbeTests.test_mocked_fork_keeps_separate_qualification) ... ok
test_mutation_after_mocked_run_cannot_be_qualified_or_replayed (test_native_restore.RestoreProbeTests.test_mutation_after_mocked_run_cannot_be_qualified_or_replayed) ... ok
test_no_replay_checks_claim_before_any_launch (test_native_restore.RestoreProbeTests.test_no_replay_checks_claim_before_any_launch) ... ok
test_prepare_keeps_original_and_copies_only_sealed_state (test_native_restore.RestoreProbeTests.test_prepare_keeps_original_and_copies_only_sealed_state) ... ok
test_resume_arguments_and_stdin_environment_only (test_native_restore.RestoreProbeTests.test_resume_arguments_and_stdin_environment_only) ... ok
test_run_rejects_nonmatching_runtime_path_before_any_launch (test_native_restore.RestoreProbeTests.test_run_rejects_nonmatching_runtime_path_before_any_launch) ... ok
test_study_payload_and_tool_escalation_rejected (test_native_restore.RestoreProbeTests.test_study_payload_and_tool_escalation_rejected) ... ok
test_tampered_archive_and_ack_rejected (test_native_restore.RestoreProbeTests.test_tampered_archive_and_ack_rejected) ... ok
test_unstopped_source_and_session_mismatch_rejected (test_native_restore.RestoreProbeTests.test_unstopped_source_and_session_mismatch_rejected) ... ok
test_wrong_historical_hash_and_modified_module_rejected (test_native_restore.RestoreProbeTests.test_wrong_historical_hash_and_modified_module_rejected) ... ok
test_root_exit_does_not_drop_adopted_background_writer (test_native_session.NativeLinuxDrainTests.test_root_exit_does_not_drop_adopted_background_writer) ... skipped 'Linux subreaper qualification runs inside the owned Docker canary'
test_archive_keeps_native_store_and_workspace_and_rejects_credentials (test_native_session.NativeSessionTests.test_archive_keeps_native_store_and_workspace_and_rejects_credentials) ... ok
test_archive_rejects_external_links_and_auth_store (test_native_session.NativeSessionTests.test_archive_rejects_external_links_and_auth_store) ... ok
test_baseline_ack_binds_input_session_and_inventory (test_native_session.NativeSessionTests.test_baseline_ack_binds_input_session_and_inventory) ... ok
test_binary_pin_is_checked_before_execution (test_native_session.NativeSessionTests.test_binary_pin_is_checked_before_execution) ... ok
test_clean_configuration_never_inherits_api_key_or_personal_state (test_native_session.NativeSessionTests.test_clean_configuration_never_inherits_api_key_or_personal_state) ... ok
test_delivery_uses_verified_bytes_when_input_changes_after_baseline_check (test_native_session.NativeSessionTests.test_delivery_uses_verified_bytes_when_input_changes_after_baseline_check) ... ok
test_entry_prepares_without_model_calls_and_does_not_overwrite_state (test_native_session.NativeSessionTests.test_entry_prepares_without_model_calls_and_does_not_overwrite_state) ... ok
test_error_result_or_unknown_descendants_is_not_natural_completion (test_native_session.NativeSessionTests.test_error_result_or_unknown_descendants_is_not_natural_completion) ... ok
test_existing_onset_intent_cannot_be_replayed_even_with_a_clean_baseline (test_native_session.NativeSessionTests.test_existing_onset_intent_cannot_be_replayed_even_with_a_clean_baseline) ... ok
test_final_optional_response_log_requires_matching_complete_native_transcript (test_native_session.NativeSessionTests.test_final_optional_response_log_requires_matching_complete_native_transcript) ... ok
test_image_payload_must_match_the_fixed_synthetic_image (test_native_session.NativeSessionTests.test_image_payload_must_match_the_fixed_synthetic_image) ... ok
test_metadata_does_not_expose_thinking_or_tool_contents (test_native_session.NativeSessionTests.test_metadata_does_not_expose_thinking_or_tool_contents) ... ok
test_missing_or_ambiguous_paid_usage_evidence_does_not_verify_subscription (test_native_session.NativeSessionTests.test_missing_or_ambiguous_paid_usage_evidence_does_not_verify_subscription) ... ok
test_native_capability_sets_do_not_depend_on_tool_order (test_native_session.NativeSessionTests.test_native_capability_sets_do_not_depend_on_tool_order) ... ok
test_native_image_annotation_must_bind_unchanged_image_and_session_path (test_native_session.NativeSessionTests.test_native_image_annotation_must_bind_unchanged_image_and_session_path) ... ok
test_native_web_search_internal_call_is_bounded_by_parent_tool_policy (test_native_session.NativeSessionTests.test_native_web_search_internal_call_is_bounded_by_parent_tool_policy) ... ok
test_offline_url_requires_declared_loopback_qualification (test_native_session.NativeSessionTests.test_offline_url_requires_declared_loopback_qualification) ... ok
test_paid_overage_or_rejected_usage_is_visible_without_fallback (test_native_session.NativeSessionTests.test_paid_overage_or_rejected_usage_is_visible_without_fallback) ... ok
test_pinned_cli_reports_task_but_model_calls_agent (test_native_session.NativeSessionTests.test_pinned_cli_reports_task_but_model_calls_agent) ... ok
test_prepare_refuses_dirty_or_reused_state (test_native_session.NativeSessionTests.test_prepare_refuses_dirty_or_reused_state) ... ok
test_qualification_rejects_study_identity_or_payload (test_native_session.NativeSessionTests.test_qualification_rejects_study_identity_or_payload) ... ok
test_qualification_rejects_unpinned_model_effort_and_tools (test_native_session.NativeSessionTests.test_qualification_rejects_unpinned_model_effort_and_tools) ... ok
test_result_sealed_once_and_timing_waits_for_owned_drain (test_native_session.NativeSessionTests.test_result_sealed_once_and_timing_waits_for_owned_drain) ... ok
test_rewound_clock_never_produces_valid_runtime (test_native_session.NativeSessionTests.test_rewound_clock_never_produces_valid_runtime) ... ok
test_source_pin_drift_rejects_a_contract (test_native_session.NativeSessionTests.test_source_pin_drift_rejects_a_contract) ... ok
test_transport_cannot_omit_the_promised_web_tools (test_native_session.NativeSessionTests.test_transport_cannot_omit_the_promised_web_tools) ... ok
test_transport_missing_response_or_other_session_is_unqualified (test_native_session.NativeSessionTests.test_transport_missing_response_or_other_session_is_unqualified) ... ok
test_transport_rejects_hidden_fallback_wrong_effort_and_child_tool_escalation (test_native_session.NativeSessionTests.test_transport_rejects_hidden_fallback_wrong_effort_and_child_tool_escalation) ... ok
test_web_configuration_cannot_gain_arbitrary_shell_tools (test_native_session.NativeSessionTests.test_web_configuration_cannot_gain_arbitrary_shell_tools) ... ok
test_wrong_identity_or_capabilities_prevents_terminal (test_native_session.NativeSessionTests.test_wrong_identity_or_capabilities_prevents_terminal) ... ok
test_duplicate_tasks_and_nonfinite_timing_are_rejected (test_natural_dashboard.DashboardTests.test_duplicate_tasks_and_nonfinite_timing_are_rejected) ... ok
test_finished_wrong_answer_preserves_zero_and_separate_archive_state (test_natural_dashboard.DashboardTests.test_finished_wrong_answer_preserves_zero_and_separate_archive_state) ... ok
test_incomplete_completion_evidence_is_unknown_and_withholds_runtime (test_natural_dashboard.DashboardTests.test_incomplete_completion_evidence_is_unknown_and_withholds_runtime) ... ok
test_missing_malformed_or_wrong_shape_snapshot_returns_unavailable (test_natural_dashboard.DashboardTests.test_missing_malformed_or_wrong_shape_snapshot_returns_unavailable) ... ok
test_only_exact_routes_are_served_and_mutations_are_rejected (test_natural_dashboard.DashboardTests.test_only_exact_routes_are_served_and_mutations_are_rejected) ... ok
test_output_whitelist_removes_nested_prompts_and_forecast_data (test_natural_dashboard.DashboardTests.test_output_whitelist_removes_nested_prompts_and_forecast_data) ... ok
test_pending_timing_cannot_display_an_unverified_final_runtime (test_natural_dashboard.DashboardTests.test_pending_timing_cannot_display_an_unverified_final_runtime) ... ok
test_running_without_native_release_becomes_unknown (test_natural_dashboard.DashboardTests.test_running_without_native_release_becomes_unknown) ... ok
test_serving_status_does_not_modify_snapshot_or_create_files (test_natural_dashboard.DashboardTests.test_serving_status_does_not_modify_snapshot_or_create_files) ... ok
test_snapshot_symlink_is_not_followed (test_natural_dashboard.DashboardTests.test_snapshot_symlink_is_not_followed) ... ok
test_stale_observation_is_not_refreshed_by_snapshot_generation_or_http (test_natural_dashboard.DashboardTests.test_stale_observation_is_not_refreshed_by_snapshot_generation_or_http) ... ok
test_task_text_never_enters_html_and_api_is_json_not_script (test_natural_dashboard.DashboardTests.test_task_text_never_enters_html_and_api_is_json_not_script) ... ok
test_terminal_without_owned_work_drain_does_not_become_finished (test_natural_dashboard.DashboardTests.test_terminal_without_owned_work_drain_does_not_become_finished) ... ok
test_unknown_or_future_observation_does_not_claim_freshness (test_natural_dashboard.DashboardTests.test_unknown_or_future_observation_does_not_claim_freshness) ... ok
test_untrusted_host_cannot_read_status (test_natural_dashboard.DashboardTests.test_untrusted_host_cannot_read_status) ... ok
test_browsecomp_ambiguous_or_malformed_judgements_are_not_zero (test_natural_inputs.GradeTests.test_browsecomp_ambiguous_or_malformed_judgements_are_not_zero) ... ok
test_browsecomp_parser_reads_field_value_not_regex_whole_match (test_natural_inputs.GradeTests.test_browsecomp_parser_reads_field_value_not_regex_whole_match) ... ok
test_gpqa_missing_malformed_conflicting_and_nonterminal_are_unavailable (test_natural_inputs.GradeTests.test_gpqa_missing_malformed_conflicting_and_nonterminal_are_unavailable) ... ok
test_gpqa_native_final_format_grades_correct_and_wrong_separately (test_natural_inputs.GradeTests.test_gpqa_native_final_format_grades_correct_and_wrong_separately) ... ok
test_bad_image_hash_size_dimensions_and_format_are_rejected (test_natural_inputs.InputTests.test_bad_image_hash_size_dimensions_and_format_are_rejected) ... ok
test_bad_schema_roles_empty_text_and_treatment_are_rejected (test_natural_inputs.InputTests.test_bad_schema_roles_empty_text_and_treatment_are_rejected) ... ok
test_candidate_path_cannot_escape_image_allowlist (test_natural_inputs.InputTests.test_candidate_path_cannot_escape_image_allowlist) ... ok
test_exact_text_and_order_only_are_projected (test_natural_inputs.InputTests.test_exact_text_and_order_only_are_projected) ... ok
test_forecast_wrapper_and_closed_book_tool_changes_are_rejected (test_natural_inputs.InputTests.test_forecast_wrapper_and_closed_book_tool_changes_are_rejected) ... ok
test_material_path_injection_and_symlinks_are_rejected (test_natural_inputs.InputTests.test_material_path_injection_and_symlinks_are_rejected) ... ok
test_missing_required_image_and_extra_materials_are_rejected (test_natural_inputs.InputTests.test_missing_required_image_and_extra_materials_are_rejected) ... ok
test_png_bytes_are_preserved_in_native_image_block (test_natural_inputs.InputTests.test_png_bytes_are_preserved_in_native_image_block) ... ok
test_resource_metadata_cannot_smuggle_arbitrary_nested_values (test_natural_inputs.InputTests.test_resource_metadata_cannot_smuggle_arbitrary_nested_values) ... ok
test_roster_is_fixed_order_hash_bound_and_metadata_only (test_natural_inputs.InputTests.test_roster_is_fixed_order_hash_bound_and_metadata_only) ... ok
test_roster_rejects_duplicate_keys_and_filename_identity_mismatch (test_natural_inputs.InputTests.test_roster_rejects_duplicate_keys_and_filename_identity_mismatch) ... ok
test_claim_detects_corruption_in_other_unresolved_attempt (test_natural_ledger.NaturalLedgerTests.test_claim_detects_corruption_in_other_unresolved_attempt) ... ok
test_claim_is_permanent_and_owner_tuple_cannot_change (test_natural_ledger.NaturalLedgerTests.test_claim_is_permanent_and_owner_tuple_cannot_change) ... ok
test_competing_replacement_requests_cannot_create_a_third_attempt (test_natural_ledger.NaturalLedgerTests.test_competing_replacement_requests_cannot_create_a_third_attempt) ... ok
test_continuation_possible_unknown_or_unproven_blocks_replacement (test_natural_ledger.NaturalLedgerTests.test_continuation_possible_unknown_or_unproven_blocks_replacement) ... ok
test_different_agent_cannot_overlap_unresolved_work (test_natural_ledger.NaturalLedgerTests.test_different_agent_cannot_overlap_unresolved_work) ... ok
test_fifty_concurrent_reservations_are_unique_and_obey_global_capacity (test_natural_ledger.NaturalLedgerTests.test_fifty_concurrent_reservations_are_unique_and_obey_global_capacity) ... ok
test_finish_requires_exact_owner_and_verified_stop_and_drain (test_natural_ledger.NaturalLedgerTests.test_finish_requires_exact_owner_and_verified_stop_and_drain) ... ok
test_fixture_schema_stays_separate_and_rejects_natural_executor (test_natural_ledger.NaturalLedgerTests.test_fixture_schema_stays_separate_and_rejects_natural_executor) ... ok
test_full_configuration_not_display_name_defines_agent_overlap (test_natural_ledger.NaturalLedgerTests.test_full_configuration_not_display_name_defines_agent_overlap) ... ok
test_manifest_runtime_capacity_and_natural_scope_are_immutable (test_natural_ledger.NaturalLedgerTests.test_manifest_runtime_capacity_and_natural_scope_are_immutable) ... ok
test_manual_replacement_requires_stop_infrastructure_and_impossible_continuation (test_natural_ledger.NaturalLedgerTests.test_manual_replacement_requires_stop_infrastructure_and_impossible_continuation) ... ok
test_native_session_and_container_cannot_be_reused_after_completion (test_natural_ledger.NaturalLedgerTests.test_native_session_and_container_cannot_be_reused_after_completion) ... ok
test_new_campaign_cannot_reset_logical_slot_or_change_its_pins (test_natural_ledger.NaturalLedgerTests.test_new_campaign_cannot_reset_logical_slot_or_change_its_pins) ... ok
test_persisted_manifest_or_owner_corruption_pauses_all_admission (test_natural_ledger.NaturalLedgerTests.test_persisted_manifest_or_owner_corruption_pauses_all_admission) ... ok
test_prompt_release_is_recorded_once_after_authorization (test_natural_ledger.NaturalLedgerTests.test_prompt_release_is_recorded_once_after_authorization) ... ok
test_quarantine_keeps_capacity_on_restart_without_lease_expiry (test_natural_ledger.NaturalLedgerTests.test_quarantine_keeps_capacity_on_restart_without_lease_expiry) ... ok
test_release_requires_matching_verified_independent_baseline (test_natural_ledger.NaturalLedgerTests.test_release_requires_matching_verified_independent_baseline) ... ok
test_replacement_authorization_remains_immutable_after_restart (test_natural_ledger.NaturalLedgerTests.test_replacement_authorization_remains_immutable_after_restart) ... ok
test_replacement_cannot_change_original_lineage (test_natural_ledger.NaturalLedgerTests.test_replacement_cannot_change_original_lineage) ... ok
test_report_is_immutable_and_idempotent_without_allowing_replay (test_natural_ledger.NaturalLedgerTests.test_report_is_immutable_and_idempotent_without_allowing_replay) ... ok
test_shared_pause_stops_new_claim_and_release_but_preserves_resources (test_natural_ledger.NaturalLedgerTests.test_shared_pause_stops_new_claim_and_release_but_preserves_resources) ... ok
test_valid_natural_timing_cannot_be_claimed_without_observed_release (test_natural_ledger.NaturalLedgerTests.test_valid_natural_timing_cannot_be_claimed_without_observed_release) ... ok
test_wrong_answers_refusals_early_finishes_and_unknowns_never_get_replaced (test_natural_ledger.NaturalLedgerTests.test_wrong_answers_refusals_early_finishes_and_unknowns_never_get_replaced) ... ok
test_available_without_numeric_grade_does_not_complete_campaign (test_pilot_status.PilotStatusTests.test_available_without_numeric_grade_does_not_complete_campaign) ... ok
test_corrupt_observation_cannot_erase_previous_release (test_pilot_status.PilotStatusTests.test_corrupt_observation_cannot_erase_previous_release) ... ok
test_finished_grade_and_archive_are_independent (test_pilot_status.PilotStatusTests.test_finished_grade_and_archive_are_independent) ... ok
test_invalid_observation_revokes_ready_display_without_losing_claim (test_pilot_status.PilotStatusTests.test_invalid_observation_revokes_ready_display_without_losing_claim) ... ok
test_invalid_replacement_preserves_known_claim_and_release (test_pilot_status.PilotStatusTests.test_invalid_replacement_preserves_known_claim_and_release) ... ok
test_native_release_requires_observation_and_heartbeat (test_pilot_status.PilotStatusTests.test_native_release_requires_observation_and_heartbeat) ... ok
test_process_exit_without_native_terminal_never_means_finished (test_pilot_status.PilotStatusTests.test_process_exit_without_native_terminal_never_means_finished) ... ok
test_projection_does_not_mutate_sources (test_pilot_status.PilotStatusTests.test_projection_does_not_mutate_sources) ... ok
test_stale_released_worker_is_unknown_and_keeps_reservation (test_pilot_status.PilotStatusTests.test_stale_released_worker_is_unknown_and_keeps_reservation) ... ok
test_untrusted_payloads_and_forecasts_are_never_projected (test_pilot_status.PilotStatusTests.test_untrusted_payloads_and_forecasts_are_never_projected) ... ok
test_worker_alive_does_not_count_as_native_execution (test_pilot_status.PilotStatusTests.test_worker_alive_does_not_count_as_native_execution) ... ok
test_adding_an_agent_changes_only_campaign_size (test_plan.PlanTests.test_adding_an_agent_changes_only_campaign_size) ... ok
test_changed_task_mix_changes_counts_without_hardcoded_220 (test_plan.PlanTests.test_changed_task_mix_changes_counts_without_hardcoded_220) ... ok
test_duplicate_agent_ids_cannot_inflate_run_counts (test_plan.PlanTests.test_duplicate_agent_ids_cannot_inflate_run_counts) ... ok
test_duplicate_families_cannot_inflate_run_counts (test_plan.PlanTests.test_duplicate_families_cannot_inflate_run_counts) ... ok
test_duplicate_selected_agent_is_rejected (test_plan.PlanTests.test_duplicate_selected_agent_is_rejected) ... ok
test_empty_suite_or_agent_registry_is_rejected (test_plan.PlanTests.test_empty_suite_or_agent_registry_is_rejected) ... ok
test_extra_timed_middle_arm_is_rejected (test_plan.PlanTests.test_extra_timed_middle_arm_is_rejected) ... ok
test_invalid_family_counts_are_rejected (test_plan.PlanTests.test_invalid_family_counts_are_rejected) ... ok
test_multiple_evaluated_agents_at_once_is_rejected (test_plan.PlanTests.test_multiple_evaluated_agents_at_once_is_rejected) ... ok
test_one_agent_gets_three_runs_per_task_without_extra_calibration (test_plan.PlanTests.test_one_agent_gets_three_runs_per_task_without_extra_calibration) ... ok
test_preassigned_duration_is_rejected_in_natural_collection_phase (test_plan.PlanTests.test_preassigned_duration_is_rejected_in_natural_collection_phase) ... ok
test_timed_durations_remain_unset_before_natural_data (test_plan.PlanTests.test_timed_durations_remain_unset_before_natural_data) ... ok
test_unknown_agent_is_an_error (test_plan.PlanTests.test_unknown_agent_is_an_error) ... ok
test_unsupported_timed_calculation_is_not_silently_ignored (test_plan.PlanTests.test_unsupported_timed_calculation_is_not_silently_ignored) ... ok

----------------------------------------------------------------------
Ran 276 tests in 31.495s

OK (skipped=25)
